// Jest Snapshot v1, https://goo.gl/fbAQLP

exports[`should render EditExpensePage 1`] = `
<div>
  <h1>
    Edit Expanse
  </h1>
  <ExpenseForm
    expense={
      Object {
        "amount": 125000,
        "createdAt": -345600000,
        "description": "Rent bill",
        "id": "2",
        "note": "",
      }
    }
    onSubmit={[Function]}
  />
  <button
    onClick={[Function]}
  >
    Remove
  </button>
</div>
`;
